src/components/common/LoadingSpinner.tsx(41,14): error TS2769: No overload matches this call.
  Overload 1 of 2, '(props: { component: ElementType<any, keyof IntrinsicElements>; } & BoxOwnProps<Theme> & Omit<any, keyof BoxOwnProps<Theme>>): Element | null', gave the following error.
    Type '{ position: string; top: number; left: number; right: number; bottom: number; display: string; alignItems: string; justifyContent: string; bgcolor: string; zIndex: number; p?: undefined; } | { display: string; ... 9 more ...; zIndex?: undefined; }' is not assignable to type 'SxProps<Theme> | undefined'.
      Type '{ position: string; top: number; left: number; right: number; bottom: number; display: string; alignItems: string; justifyContent: string; bgcolor: string; zIndex: number; p?: undefined; }' is not assignable to type 'SxProps<Theme> | undefined'.
        Type '{ position: string; top: number; left: number; right: number; bottom: number; display: string; alignItems: string; justifyContent: string; bgcolor: string; zIndex: number; p?: undefined; }' is not assignable to type 'CSSSelectorObjectOrCssVariables<Theme>'.
          Property 'p' is incompatible with index signature.
            Type 'undefined' is not assignable to type 'SystemStyleObject<Theme> | CssVariableType | ((theme: Theme) => string | number | SystemStyleObject<Theme>)'.
  Overload 2 of 2, '(props: DefaultComponentProps<BoxTypeMap<{}, "div", Theme>>): Element | null', gave the following error.
    Type '{ position: string; top: number; left: number; right: number; bottom: number; display: string; alignItems: string; justifyContent: string; bgcolor: string; zIndex: number; p?: undefined; } | { display: string; ... 9 more ...; zIndex?: undefined; }' is not assignable to type 'SxProps<Theme> | undefined'.
      Type '{ position: string; top: number; left: number; right: number; bottom: number; display: string; alignItems: string; justifyContent: string; bgcolor: string; zIndex: number; p?: undefined; }' is not assignable to type 'SxProps<Theme> | undefined'.
        Type '{ position: string; top: number; left: number; right: number; bottom: number; display: string; alignItems: string; justifyContent: string; bgcolor: string; zIndex: number; p?: undefined; }' is not assignable to type 'CSSSelectorObjectOrCssVariables<Theme>'.
          Property 'p' is incompatible with index signature.
            Type 'undefined' is not assignable to type 'SystemStyleObject<Theme> | CssVariableType | ((theme: Theme) => string | number | SystemStyleObject<Theme>)'.
src/components/common/VoiceAssistant.tsx(4,10): error TS6133: 'IconButton' is declared but its value is never read.
src/components/common/VoiceAssistant.tsx(6,48): error TS6133: 'Close' is declared but its value is never read.
src/components/dashboard/ChatListCard.tsx(36,39): error TS6133: 'index' is declared but its value is never read.
src/components/dashboard/ProfileViewsChart.tsx(2,10): error TS6133: 'Box' is declared but its value is never read.
src/components/dashboard/StatsCard.tsx(2,46): error TS6133: 'LinearProgress' is declared but its value is never read.
src/components/dashboard/UserSidebar.tsx(13,5): error TS6133: 'useMediaQuery' is declared but its value is never read.
src/components/dashboard/UserSidebar.tsx(48,11): error TS6133: 'theme' is declared but its value is never read.
src/components/dashboard/UserSidebar.tsx(63,32): error TS2339: Property 'profilePicture' does not exist on type 'User'.
src/components/dashboard/UserSidebar.tsx(74,28): error TS2339: Property 'firstName' does not exist on type 'User'.
src/components/dashboard/UserSidebar.tsx(74,46): error TS2339: Property 'lastName' does not exist on type 'User'.
src/components/dashboard/UserSidebar.tsx(77,32): error TS2339: Property '_id' does not exist on type 'User'.
src/components/ErrorBoundary.tsx(1,8): error TS6133: 'React' is declared but its value is never read.
src/components/home/FAQSection.tsx(45,46): error TS6133: 'event' is declared but its value is never read.
src/components/home/SuccessStoriesSection.tsx(2,57): error TS6133: 'Avatar' is declared but its value is never read.
src/components/home/WhyChooseSection.tsx(5,1): error TS6133: 'SectionTitle' is declared but its value is never read.
src/components/layout/Navbar.tsx(400,90): error TS2339: Property 'photos' does not exist on type 'User'.
src/components/ProtectedRoute.tsx(1,1): error TS6133: 'React' is declared but its value is never read.
src/pages/auth/Register.tsx(435,22): error TS2304: Cannot find name 'Divider'.
src/pages/auth/Register.tsx(439,23): error TS2304: Cannot find name 'Divider'.
src/pages/auth/SocialSuccess.tsx(13,15): error TS6133: 'refreshToken' is declared but its value is never read.
src/pages/interests/Interests.tsx(4,5): error TS6133: 'Typography' is declared but its value is never read.
src/pages/interests/Interests.tsx(154,54): error TS2769: No overload matches this call.
  Overload 1 of 2, '(props: { component: ElementType<any, keyof IntrinsicElements>; } & GridBaseProps & { sx?: SxProps<Theme> | undefined; } & SystemProps<...> & Omit<...>): Element | null', gave the following error.
    Property 'component' is missing in type '{ children: Element; item: true; xs: number; key: any; }' but required in type '{ component: ElementType<any, keyof IntrinsicElements>; }'.
  Overload 2 of 2, '(props: DefaultComponentProps<GridTypeMap<{}, "div">>): Element | null', gave the following error.
    Type '{ children: Element; item: true; xs: number; key: any; }' is not assignable to type 'IntrinsicAttributes & GridBaseProps & { sx?: SxProps<Theme> | undefined; } & SystemProps<Theme> & Omit<...>'.
      Property 'item' does not exist on type 'IntrinsicAttributes & GridBaseProps & { sx?: SxProps<Theme> | undefined; } & SystemProps<Theme> & Omit<...>'.
src/pages/interests/Interests.tsx(158,61): error TS2322: Type '(interestId: string) => Promise<void>' is not assignable to type '(id: string | number) => void'.
  Types of parameters 'interestId' and 'id' are incompatible.
    Type 'string | number' is not assignable to type 'string'.
      Type 'number' is not assignable to type 'string'.
src/pages/interests/Interests.tsx(159,61): error TS2322: Type '(interestId: string) => Promise<void>' is not assignable to type '(id: string | number) => void'.
  Types of parameters 'interestId' and 'id' are incompatible.
    Type 'string | number' is not assignable to type 'string'.
      Type 'number' is not assignable to type 'string'.
src/pages/interests/Interests.tsx(186,54): error TS2769: No overload matches this call.
  Overload 1 of 2, '(props: { component: ElementType<any, keyof IntrinsicElements>; } & GridBaseProps & { sx?: SxProps<Theme> | undefined; } & SystemProps<...> & Omit<...>): Element | null', gave the following error.
    Property 'component' is missing in type '{ children: Element; item: true; xs: number; key: any; }' but required in type '{ component: ElementType<any, keyof IntrinsicElements>; }'.
  Overload 2 of 2, '(props: DefaultComponentProps<GridTypeMap<{}, "div">>): Element | null', gave the following error.
    Type '{ children: Element; item: true; xs: number; key: any; }' is not assignable to type 'IntrinsicAttributes & GridBaseProps & { sx?: SxProps<Theme> | undefined; } & SystemProps<Theme> & Omit<...>'.
      Property 'item' does not exist on type 'IntrinsicAttributes & GridBaseProps & { sx?: SxProps<Theme> | undefined; } & SystemProps<Theme> & Omit<...>'.
src/pages/matches/Matches.tsx(46,35): error TS2820: Type '"skeleton-card"' is not assignable to type '"spinner" | "skeleton-cards" | "skeleton-list" | "skeleton-profile" | undefined'. Did you mean '"skeleton-cards"'?
src/pages/matches/Shortlisted.tsx(46,35): error TS2820: Type '"skeleton-card"' is not assignable to type '"spinner" | "skeleton-cards" | "skeleton-list" | "skeleton-profile" | undefined'. Did you mean '"skeleton-cards"'?
src/pages/Messages.tsx(17,5): error TS6133: 'Divider' is declared but its value is never read.
src/pages/profile/PrivacySettings.tsx(4,5): error TS6133: 'FormControlLabel' is declared but its value is never read.
src/pages/profile/Profile.tsx(3,60): error TS6133: 'ArrowBack' is declared but its value is never read.
src/pages/profile/Profile.tsx(28,39): error TS2322: Type '"profile"' is not assignable to type '"spinner" | "skeleton-cards" | "skeleton-list" | "skeleton-profile" | undefined'.
src/pages/profile/Profile.tsx(49,17): error TS2739: Type 'ReactElement<any, any>' is missing the following properties from type '{ label: string; onClick: () => void; icon?: ReactNode; }': label, onClick
src/pages/profile/ProfileCreationWizard.tsx(4,78): error TS6133: 'alpha' is declared but its value is never read.
src/pages/profile/ProfileCreationWizard.tsx(222,32): error TS6133: 'setPhotos' is declared but its value is never read.
src/pages/profile/ProfileCreationWizard.tsx(224,11): error TS6133: 'theme' is declared but its value is never read.
src/pages/profile/ProfileCreationWizard.tsx(302,11): error TS6133: 'theme' is declared but its value is never read.
src/pages/profile/ProfileEdit.tsx(14,13): error TS6133: 'StarIcon' is declared but its value is never read.
src/pages/profile/ProfileEdit.tsx(26,18): error TS6133: 'BackIcon' is declared but its value is never read.
src/pages/profile/ProfileEdit.tsx(274,17): error TS2739: Type 'ReactElement<any, any>' is missing the following properties from type '{ label: string; onClick: () => void; icon?: ReactNode; }': label, onClick
src/pages/profile/ProfileEdit.tsx(345,54): error TS2304: Cannot find name 'alpha'.
src/pages/profile/PublicProfile.tsx(36,5): error TS6133: 'LocationOn' is declared but its value is never read.
src/pages/profile/PublicProfile.tsx(46,18): error TS6133: 'AnimatePresence' is declared but its value is never read.
src/pages/profile/PublicProfile.tsx(177,22): error TS2769: No overload matches this call.
  Overload 1 of 2, '(props: { component: ElementType<any, keyof IntrinsicElements>; } & GridBaseProps & { sx?: SxProps<Theme> | undefined; } & SystemProps<...> & Omit<...>): Element | null', gave the following error.
    Property 'component' is missing in type '{ children: Element; item: true; xs: number; md: number; }' but required in type '{ component: ElementType<any, keyof IntrinsicElements>; }'.
  Overload 2 of 2, '(props: DefaultComponentProps<GridTypeMap<{}, "div">>): Element | null', gave the following error.
    Type '{ children: Element; item: true; xs: number; md: number; }' is not assignable to type 'IntrinsicAttributes & GridBaseProps & { sx?: SxProps<Theme> | undefined; } & SystemProps<Theme> & Omit<...>'.
      Property 'item' does not exist on type 'IntrinsicAttributes & GridBaseProps & { sx?: SxProps<Theme> | undefined; } & SystemProps<Theme> & Omit<...>'.
src/pages/profile/PublicProfile.tsx(299,22): error TS2769: No overload matches this call.
  Overload 1 of 2, '(props: { component: ElementType<any, keyof IntrinsicElements>; } & GridBaseProps & { sx?: SxProps<Theme> | undefined; } & SystemProps<...> & Omit<...>): Element | null', gave the following error.
    Property 'component' is missing in type '{ children: Element; item: true; xs: number; md: number; }' but required in type '{ component: ElementType<any, keyof IntrinsicElements>; }'.
  Overload 2 of 2, '(props: DefaultComponentProps<GridTypeMap<{}, "div">>): Element | null', gave the following error.
    Type '{ children: Element; item: true; xs: number; md: number; }' is not assignable to type 'IntrinsicAttributes & GridBaseProps & { sx?: SxProps<Theme> | undefined; } & SystemProps<Theme> & Omit<...>'.
      Property 'item' does not exist on type 'IntrinsicAttributes & GridBaseProps & { sx?: SxProps<Theme> | undefined; } & SystemProps<Theme> & Omit<...>'.
src/pages/profile/PublicProfile.tsx(356,34): error TS2769: No overload matches this call.
  Overload 1 of 2, '(props: { component: ElementType<any, keyof IntrinsicElements>; } & GridBaseProps & { sx?: SxProps<Theme> | undefined; } & SystemProps<...> & Omit<...>): Element | null', gave the following error.
    Property 'component' is missing in type '{ children: Element[]; item: true; xs: number; md: number; }' but required in type '{ component: ElementType<any, keyof IntrinsicElements>; }'.
  Overload 2 of 2, '(props: DefaultComponentProps<GridTypeMap<{}, "div">>): Element | null', gave the following error.
    Type '{ children: Element[]; item: true; xs: number; md: number; }' is not assignable to type 'IntrinsicAttributes & GridBaseProps & { sx?: SxProps<Theme> | undefined; } & SystemProps<Theme> & Omit<...>'.
      Property 'item' does not exist on type 'IntrinsicAttributes & GridBaseProps & { sx?: SxProps<Theme> | undefined; } & SystemProps<Theme> & Omit<...>'.
src/pages/profile/PublicProfile.tsx(367,34): error TS2769: No overload matches this call.
  Overload 1 of 2, '(props: { component: ElementType<any, keyof IntrinsicElements>; } & GridBaseProps & { sx?: SxProps<Theme> | undefined; } & SystemProps<...> & Omit<...>): Element | null', gave the following error.
    Property 'component' is missing in type '{ children: Element[]; item: true; xs: number; md: number; }' but required in type '{ component: ElementType<any, keyof IntrinsicElements>; }'.
  Overload 2 of 2, '(props: DefaultComponentProps<GridTypeMap<{}, "div">>): Element | null', gave the following error.
    Type '{ children: Element[]; item: true; xs: number; md: number; }' is not assignable to type 'IntrinsicAttributes & GridBaseProps & { sx?: SxProps<Theme> | undefined; } & SystemProps<Theme> & Omit<...>'.
      Property 'item' does not exist on type 'IntrinsicAttributes & GridBaseProps & { sx?: SxProps<Theme> | undefined; } & SystemProps<Theme> & Omit<...>'.
src/pages/profile/PublicProfile.tsx(377,34): error TS2769: No overload matches this call.
  Overload 1 of 2, '(props: { component: ElementType<any, keyof IntrinsicElements>; } & GridBaseProps & { sx?: SxProps<Theme> | undefined; } & SystemProps<...> & Omit<...>): Element | null', gave the following error.
    Property 'component' is missing in type '{ children: Element[]; item: true; xs: number; md: number; }' but required in type '{ component: ElementType<any, keyof IntrinsicElements>; }'.
  Overload 2 of 2, '(props: DefaultComponentProps<GridTypeMap<{}, "div">>): Element | null', gave the following error.
    Type '{ children: Element[]; item: true; xs: number; md: number; }' is not assignable to type 'IntrinsicAttributes & GridBaseProps & { sx?: SxProps<Theme> | undefined; } & SystemProps<Theme> & Omit<...>'.
      Property 'item' does not exist on type 'IntrinsicAttributes & GridBaseProps & { sx?: SxProps<Theme> | undefined; } & SystemProps<Theme> & Omit<...>'.
src/pages/profile/VerificationCenter.tsx(7,79): error TS6133: 'SecurityIcon' is declared but its value is never read.
src/pages/profile/VerificationCenter.tsx(135,63): error TS2304: Cannot find name 'alpha'.
src/pages/search/Search.tsx(15,5): error TS6133: 'Checkbox' is declared but its value is never read.
src/pages/search/Search.tsx(16,5): error TS6133: 'ListItemText' is declared but its value is never read.
src/pages/search/Search.tsx(19,5): error TS6133: 'CircularProgress' is declared but its value is never read.
src/pages/search/Search.tsx(23,5): error TS6133: 'Chip' is declared but its value is never read.
src/pages/search/Search.tsx(24,5): error TS6133: 'Accordion' is declared but its value is never read.
src/pages/search/Search.tsx(25,5): error TS6133: 'AccordionSummary' is declared but its value is never read.
src/pages/search/Search.tsx(26,5): error TS6133: 'AccordionDetails' is declared but its value is never read.
src/pages/search/Search.tsx(31,5): error TS6133: 'ExpandMore' is declared but its value is never read.
src/pages/search/Search.tsx(227,26): error TS2769: No overload matches this call.
  Overload 1 of 2, '(props: { component: ElementType<any, keyof IntrinsicElements>; } & GridBaseProps & { sx?: SxProps<Theme> | undefined; } & SystemProps<...> & Omit<...>): Element | null', gave the following error.
    Property 'component' is missing in type '{ children: Element; item: true; xs: number; md: number; }' but required in type '{ component: ElementType<any, keyof IntrinsicElements>; }'.
  Overload 2 of 2, '(props: DefaultComponentProps<GridTypeMap<{}, "div">>): Element | null', gave the following error.
    Type '{ children: Element; item: true; xs: number; md: number; }' is not assignable to type 'IntrinsicAttributes & GridBaseProps & { sx?: SxProps<Theme> | undefined; } & SystemProps<Theme> & Omit<...>'.
      Property 'item' does not exist on type 'IntrinsicAttributes & GridBaseProps & { sx?: SxProps<Theme> | undefined; } & SystemProps<Theme> & Omit<...>'.
src/pages/search/Search.tsx(244,22): error TS2769: No overload matches this call.
  Overload 1 of 2, '(props: { component: ElementType<any, keyof IntrinsicElements>; } & GridBaseProps & { sx?: SxProps<Theme> | undefined; } & SystemProps<...> & Omit<...>): Element | null', gave the following error.
    Property 'component' is missing in type '{ children: (false | Element)[]; item: true; xs: number; md: number; }' but required in type '{ component: ElementType<any, keyof IntrinsicElements>; }'.
  Overload 2 of 2, '(props: DefaultComponentProps<GridTypeMap<{}, "div">>): Element | null', gave the following error.
    Type '{ children: (false | Element)[]; item: true; xs: number; md: number; }' is not assignable to type 'IntrinsicAttributes & GridBaseProps & { sx?: SxProps<Theme> | undefined; } & SystemProps<Theme> & Omit<...>'.
      Property 'item' does not exist on type 'IntrinsicAttributes & GridBaseProps & { sx?: SxProps<Theme> | undefined; } & SystemProps<Theme> & Omit<...>'.
src/pages/search/Search.tsx(278,42): error TS2769: No overload matches this call.
  Overload 1 of 2, '(props: { component: ElementType<any, keyof IntrinsicElements>; } & GridBaseProps & { sx?: SxProps<Theme> | undefined; } & SystemProps<...> & Omit<...>): Element | null', gave the following error.
    Property 'component' is missing in type '{ children: Element; item: true; xs: number; sm: number; lg: number; key: any; }' but required in type '{ component: ElementType<any, keyof IntrinsicElements>; }'.
  Overload 2 of 2, '(props: DefaultComponentProps<GridTypeMap<{}, "div">>): Element | null', gave the following error.
    Type '{ children: Element; item: true; xs: number; sm: number; lg: number; key: any; }' is not assignable to type 'IntrinsicAttributes & GridBaseProps & { sx?: SxProps<Theme> | undefined; } & SystemProps<Theme> & Omit<...>'.
      Property 'item' does not exist on type 'IntrinsicAttributes & GridBaseProps & { sx?: SxProps<Theme> | undefined; } & SystemProps<Theme> & Omit<...>'.
src/pages/search/Search.tsx(309,18): error TS2304: Cannot find name 'Divider'.
src/pages/static/AboutUs.tsx(2,45): error TS6133: 'Avatar' is declared but its value is never read.
src/pages/static/AboutUs.tsx(3,45): error TS6133: 'CheckCircle' is declared but its value is never read.
src/pages/static/Blog.tsx(3,1): error TS6133: 'motion' is declared but its value is never read.
src/pages/static/Blog.tsx(7,1): error TS6133: 'PersonIcon' is declared but its value is never read.
src/pages/static/Blog.tsx(8,1): error TS6133: 'ArrowForwardIcon' is declared but its value is never read.
src/pages/static/Blog.tsx(78,11): error TS6133: 'theme' is declared but its value is never read.
src/pages/static/BlogPost.tsx(6,1): error TS6133: 'PageHeader' is declared but its value is never read.
src/pages/static/BlogPost.tsx(9,11): error TS6133: 'slug' is declared but its value is never read.
src/pages/static/ContactUs.tsx(30,56): error TS7053: Element implicitly has an 'any' type because expression of type 'any' can't be used to index type 'Palette'.
src/pages/static/FAQs.tsx(98,11): error TS6133: 'theme' is declared but its value is never read.
src/pages/static/HelpCenter.tsx(1,17): error TS6133: 'useState' is declared but its value is never read.
src/pages/static/HelpCenter.tsx(106,68): error TS7053: Element implicitly has an 'any' type because expression of type 'any' can't be used to index type 'Palette'.
src/pages/static/HelpCenter.tsx(112,43): error TS7053: Element implicitly has an 'any' type because expression of type 'any' can't be used to index type 'Palette'.
src/pages/static/SafetyTips.tsx(93,48): error TS7053: Element implicitly has an 'any' type because expression of type 'any' can't be used to index type 'Palette'.
src/pages/static/SuccessStories.tsx(2,51): error TS6133: 'Avatar' is declared but its value is never read.
src/pages/static/SuccessStories.tsx(4,1): error TS6133: 'FavoriteIcon' is declared but its value is never read.
